Drill report for BMS_V4.013.kicad_pcb
Created on 2025-11-18T12:36:35+0300

Copper Layer Stackup:
    =============================================================
    L1 :  F.Cu                      front
    L2 :  B.Cu                      back


Drill file 'BMS_V4.013-PTH.drl' contains
    plated through holes:
    =============================================================
    T1  0.300mm  0.0118"  (28 holes)
    T2  0.400mm  0.0157"  (88 holes)
    T3  0.500mm  0.0197"  (10 holes)
    T4  0.700mm  0.0276"  (12 holes)
    T5  1.000mm  0.0394"  (20 holes)
    T6  1.050mm  0.0413"  (4 holes)
    T7  1.300mm  0.0512"  (6 holes)
    T8  1.350mm  0.0531"  (18 holes)
    T9  3.000mm  0.1181"  (12 holes)

    Total plated holes count 198


Drill file 'BMS_V4.013-NPTH.drl' contains
    unplated through holes:
    =============================================================

    Total unplated holes count 0
